// Jest Snapshot v1, https://goo.gl/fbAQLP

exports[`render  1`] = `
<button
  className="keyboardBtn"
  id=""
  type="button"
/>
`;

exports[`render correctly 1`] = `
<button
  className="keyboardBtn"
  id=""
  type="button"
/>
`;
