// Jest Snapshot v1, https://goo.gl/fbAQLP

exports[`render correctly 1`] = `
<div
  className="main-content calculator"
>
  <div>
    <h1>
      Let's do some math!
    </h1>
  </div>
  <div
    className="calculator"
  >
    <div
      className="display"
    >
      0
    </div>
    <div
      className="keyboard"
    >
      <div
        className="keyboard-row"
      >
        <button
          className="keyboardBtn"
          id=""
          onClick={[Function]}
          type="button"
        >
          AC
        </button>
        <button
          className="keyboardBtn"
          id=""
          onClick={[Function]}
          type="button"
        >
          +/-
        </button>
        <button
          className="keyboardBtn"
          id=""
          onClick={[Function]}
          type="button"
        >
          %
        </button>
        <button
          className="keyboardBtn"
          id=""
          onClick={[Function]}
          type="button"
        >
          รท
        </button>
      </div>
      <div
        className="keyboard-row"
      >
        <button
          className="keyboardBtn"
          id=""
          onClick={[Function]}
          type="button"
        >
          7
        </button>
        <button
          className="keyboardBtn"
          id=""
          onClick={[Function]}
          type="button"
        >
          8
        </button>
        <button
          className="keyboardBtn"
          id=""
          onClick={[Function]}
          type="button"
        >
          9
        </button>
        <button
          className="keyboardBtn"
          id=""
          onClick={[Function]}
          type="button"
        >
          x
        </button>
      </div>
      <div
        className="keyboard-row"
      >
        <button
          className="keyboardBtn"
          id=""
          onClick={[Function]}
          type="button"
        >
          4
        </button>
        <button
          className="keyboardBtn"
          id=""
          onClick={[Function]}
          type="button"
        >
          5
        </button>
        <button
          className="keyboardBtn"
          id=""
          onClick={[Function]}
          type="button"
        >
          6
        </button>
        <button
          className="keyboardBtn"
          id=""
          onClick={[Function]}
          type="button"
        >
          -
        </button>
      </div>
      <div
        className="keyboard-row"
      >
        <button
          className="keyboardBtn"
          id=""
          onClick={[Function]}
          type="button"
        >
          1
        </button>
        <button
          className="keyboardBtn"
          id=""
          onClick={[Function]}
          type="button"
        >
          2
        </button>
        <button
          className="keyboardBtn"
          id=""
          onClick={[Function]}
          type="button"
        >
          3
        </button>
        <button
          className="keyboardBtn"
          id=""
          onClick={[Function]}
          type="button"
        >
          +
        </button>
      </div>
      <div
        className="keyboard-row"
      >
        <button
          className="keyboardBtn"
          id="zero"
          onClick={[Function]}
          type="button"
        >
          0
        </button>
        <button
          className="keyboardBtn"
          id=""
          onClick={[Function]}
          type="button"
        >
          .
        </button>
        <button
          className="keyboardBtn"
          id=""
          onClick={[Function]}
          type="button"
        >
          =
        </button>
      </div>
    </div>
  </div>
</div>
`;
