// Jest Snapshot v1, https://goo.gl/fbAQLP

exports[`renders correctly 1`] = `
<div
  className="header"
>
  <a
    href="/"
    id="logo"
    onClick={[Function]}
  >
    Math Magicians
  </a>
  <ul
    className="nav"
  >
    <li>
      <a
        href="/"
        onClick={[Function]}
      >
        Home
      </a>
    </li>
    <li>
      <a
        href="/calculator"
        onClick={[Function]}
      >
        Calculator
      </a>
    </li>
    <li>
      <a
        href="/quote"
        onClick={[Function]}
      >
        Quote
      </a>
    </li>
  </ul>
</div>
`;
